{
    "SK609SCRNA - a detected set of NONE alone warns and proceeds": {
        "content": [
            "sample\tarm\ttgidx\treads\tthreshold\tstatus\nSK609SCRNA\tscrna\tNONE\t2000\t1000\tPASS\n"
        ],
        "timestamp": "2026-09-11T16:14:39.538480459",
        "meta": {
            "nf-test": "0.9.5",
            "nextflow": "26.04.6"
        }
    }
}