{
    "-profile test": {
        "content": [
            {
                "BOWTIE2_ALIGN": {
                    "bowtie2": "2.5.4",
                    "pigz": 2.8,
                    "samtools": 1.21
                },
                "BOWTIE2_BUILD": {
                    "bowtie2": "2.5.4"
                },
                "CARMACK_ASSIGNTARGETS": {
                    "carmack": "0.0.0+6d40612"
                },
                "CARMACK_EXTRACTBARCODES": {
                    "carmack": "0.0.0+6d40612"
                },
                "CARMACK_EXTRACTUMIS": {
                    "carmack": "0.0.0+6d40612"
                },
                "CARMACK_PREPAREREADS": {
                    "carmack": "0.0.0+6d40612"
                },
                "FASTQC": {
                    "fastqc": "0.12.1"
                },
                "FASTQC_PREPARED": {
                    "fastqc": "0.12.1"
                },
                "SAMTOOLS_INDEX_DEDUP": {
                    "samtools": 1.24
                },
                "SAMTOOLS_INDEX_TAGGED": {
                    "samtools": 1.24
                },
                "SAMTOOLS_SORT": {
                    "samtools": 1.24
                },
                "SAMTOOLS_STATS": {
                    "samtools": 1.24
                },
                "STAR_GENOMEGENERATE": {
                    "gawk": "5.1.0",
                    "samtools": 1.21,
                    "star": "2.7.11b"
                },
                "STAR_STARSOLO": {
                    "star": "2.7.11b"
                },
                "TAGQNAME": {
                    "pysam": "0.24.1"
                },
                "UMITOOLS_DEDUP": {
                    "umitools": "1.1.6"
                },
                "Workflow": {
                    "neurogenomics/jacquard": "v0.1.0"
                }
            },
            [
                "bowtie2",
                "bowtie2/SK609.TATAGCCT",
                "bowtie2/SK609.TATAGCCT/SK609.TATAGCCT.bowtie2.log",
                "carmack",
                "carmack/assigntargets",
                "carmack/assigntargets/SK609",
                "carmack/assigntargets/SK609/SK609.r1_tgidx.fastq.gz",
                "carmack/assigntargets/SK609/SK609.tgidx_anchor_run_mqc.json",
                "carmack/assigntargets/SK609/SK609.tgidx_edit_distance_mqc.json",
                "carmack/assigntargets/SK609/SK609.tgidx_stats.txt",
                "carmack/assigntargets/SK609/SK609.tgidx_stats_mqc.json",
                "carmack/extractbarcodes",
                "carmack/extractbarcodes/SK609",
                "carmack/extractbarcodes/SK609/SK609.bc_all.txt.gz",
                "carmack/extractbarcodes/SK609/SK609.bc_counts.csv",
                "carmack/extractbarcodes/SK609/SK609.bc_rank.png",
                "carmack/extractbarcodes/SK609/SK609.bc_stats.txt",
                "carmack/extractbarcodes/SK609/SK609.bc_valid.txt.gz",
                "carmack/extractbarcodes/SK609/SK609.extraction_edit_distance_mqc.json",
                "carmack/extractbarcodes/SK609/SK609.extraction_stats_mqc.json",
                "carmack/extractbarcodes/SK609/SK609.r1_annotated.fastq.gz",
                "carmack/extractumis",
                "carmack/extractumis/SK609",
                "carmack/extractumis/SK609/SK609.r1_umi.fastq.gz",
                "carmack/extractumis/SK609/SK609.umi_anchor_run_mqc.json",
                "carmack/extractumis/SK609/SK609.umi_stats.txt",
                "carmack/extractumis/SK609/SK609.umi_stats_mqc.json",
                "carmack/preparereads",
                "carmack/preparereads/SK609",
                "carmack/preparereads/SK609/SK609.detected_targets.txt",
                "carmack/preparereads/SK609/SK609.prepare_stats.txt",
                "carmack/preparereads/SK609/SK609.prepare_stats_mqc.json",
                "carmack/preparereads/SK609/scrna",
                "carmack/preparereads/SK609/scrna/SK609.none.barcodes.fastq.gz",
                "carmack/preparereads/SK609/scrna/SK609.none.r1.fastq.gz",
                "carmack/preparereads/SK609/scrna/SK609.none.r2.fastq.gz",
                "carmack/preparereads/SK609/sctip",
                "carmack/preparereads/SK609/sctip/SK609.TATAGCCT.r1.fastq.gz",
                "carmack/preparereads/SK609/sctip/SK609.TATAGCCT.r2.fastq.gz",
                "fastqc",
                "fastqc/SK609_1_fastqc.html",
                "fastqc/SK609_1_fastqc.zip",
                "fastqc/SK609_2_fastqc.html",
                "fastqc/SK609_2_fastqc.zip",
                "fastqc/prepared",
                "fastqc/prepared/SK609.TATAGCCT",
                "fastqc/prepared/SK609.TATAGCCT/SK609.TATAGCCT_1_fastqc.html",
                "fastqc/prepared/SK609.TATAGCCT/SK609.TATAGCCT_1_fastqc.zip",
                "fastqc/prepared/SK609.TATAGCCT/SK609.TATAGCCT_2_fastqc.html",
                "fastqc/prepared/SK609.TATAGCCT/SK609.TATAGCCT_2_fastqc.zip",
                "fastqc/prepared/SK609.none",
                "fastqc/prepared/SK609.none/SK609.none_fastqc.html",
                "fastqc/prepared/SK609.none/SK609.none_fastqc.zip",
                "multiqc",
                "multiqc/multiqc_data",
                "multiqc/multiqc_data/bowtie2_pe_plot.txt",
                "multiqc/multiqc_data/fastqc-status-check-heatmap.txt",
                "multiqc/multiqc_data/fastqc_adapter_content_plot.txt",
                "multiqc/multiqc_data/fastqc_overrepresented_sequences_plot.txt",
                "multiqc/multiqc_data/fastqc_per_base_n_content_plot.txt",
                "multiqc/multiqc_data/fastqc_per_base_sequence_quality_plot.txt",
                "multiqc/multiqc_data/fastqc_per_sequence_gc_content_plot_Counts.txt",
                "multiqc/multiqc_data/fastqc_per_sequence_gc_content_plot_Percentages.txt",
                "multiqc/multiqc_data/fastqc_per_sequence_quality_scores_plot.txt",
                "multiqc/multiqc_data/fastqc_sequence_counts_plot.txt",
                "multiqc/multiqc_data/fastqc_sequence_duplication_levels_plot.txt",
                "multiqc/multiqc_data/fastqc_sequence_length_distribution_plot.txt",
                "multiqc/multiqc_data/fastqc_top_overrepresented_sequences_table.txt",
                "multiqc/multiqc_data/llms-full.txt",
                "multiqc/multiqc_data/multiqc.log",
                "multiqc/multiqc_data/multiqc.parquet",
                "multiqc/multiqc_data/multiqc_arm_gate_table.txt",
                "multiqc/multiqc_data/multiqc_bowtie2.txt",
                "multiqc/multiqc_data/multiqc_carmack_extraction_edit_distance_plot.txt",
                "multiqc/multiqc_data/multiqc_carmack_tgidx_anchor_run_plot.txt",
                "multiqc/multiqc_data/multiqc_carmack_tgidx_edit_distance_plot.txt",
                "multiqc/multiqc_data/multiqc_carmack_umi_anchor_run_plot.txt",
                "multiqc/multiqc_data/multiqc_citations.txt",
                "multiqc/multiqc_data/multiqc_data.json",
                "multiqc/multiqc_data/multiqc_fastqc.txt",
                "multiqc/multiqc_data/multiqc_general_stats.txt",
                "multiqc/multiqc_data/multiqc_samtools_stats.txt",
                "multiqc/multiqc_data/multiqc_software_versions.txt",
                "multiqc/multiqc_data/multiqc_sources.txt",
                "multiqc/multiqc_data/multiqc_star.txt",
                "multiqc/multiqc_data/multiqc_umitools_dedup.txt",
                "multiqc/multiqc_data/multiqc_umitools_extract.txt",
                "multiqc/multiqc_data/samtools-stats-dp.txt",
                "multiqc/multiqc_data/samtools_alignment_plot.txt",
                "multiqc/multiqc_data/samtools_insert_size.txt",
                "multiqc/multiqc_data/star_alignment_plot.txt",
                "multiqc/multiqc_data/star_summary_table.txt",
                "multiqc/multiqc_data/umitools_deduplication_barplot.txt",
                "multiqc/multiqc_data/umitools_stats_violin.txt",
                "multiqc/multiqc_plots",
                "multiqc/multiqc_plots/pdf",
                "multiqc/multiqc_plots/pdf/arm_gate_table.pdf",
                "multiqc/multiqc_plots/pdf/bowtie2_pe_plot-cnt.pdf",
                "multiqc/multiqc_plots/pdf/bowtie2_pe_plot-pct.pdf",
                "multiqc/multiqc_plots/pdf/carmack_extraction_edit_distance_plot.pdf",
                "multiqc/multiqc_plots/pdf/carmack_tgidx_anchor_run_plot.pdf",
                "multiqc/multiqc_plots/pdf/carmack_tgidx_edit_distance_plot.pdf",
                "multiqc/multiqc_plots/pdf/carmack_umi_anchor_run_plot.pdf",
                "multiqc/multiqc_plots/pdf/fastqc-status-check-heatmap.pdf",
                "multiqc/multiqc_plots/pdf/fastqc_adapter_content_plot.pdf",
                "multiqc/multiqc_plots/pdf/fastqc_overrepresented_sequences_plot.pdf",
                "multiqc/multiqc_plots/pdf/fastqc_per_base_n_content_plot.pdf",
                "multiqc/multiqc_plots/pdf/fastqc_per_base_sequence_quality_plot.pdf",
                "multiqc/multiqc_plots/pdf/fastqc_per_sequence_gc_content_plot_Counts.pdf",
                "multiqc/multiqc_plots/pdf/fastqc_per_sequence_gc_content_plot_Percentages.pdf",
                "multiqc/multiqc_plots/pdf/fastqc_per_sequence_quality_scores_plot.pdf",
                "multiqc/multiqc_plots/pdf/fastqc_sequence_counts_plot-cnt.pdf",
                "multiqc/multiqc_plots/pdf/fastqc_sequence_counts_plot-pct.pdf",
                "multiqc/multiqc_plots/pdf/fastqc_sequence_duplication_levels_plot.pdf",
                "multiqc/multiqc_plots/pdf/fastqc_sequence_length_distribution_plot.pdf",
                "multiqc/multiqc_plots/pdf/fastqc_top_overrepresented_sequences_table.pdf",
                "multiqc/multiqc_plots/pdf/samtools-stats-dp.pdf",
                "multiqc/multiqc_plots/pdf/samtools_alignment_plot-cnt.pdf",
                "multiqc/multiqc_plots/pdf/samtools_alignment_plot-pct.pdf",
                "multiqc/multiqc_plots/pdf/samtools_insert_size.pdf",
                "multiqc/multiqc_plots/pdf/star_alignment_plot-cnt.pdf",
                "multiqc/multiqc_plots/pdf/star_alignment_plot-pct.pdf",
                "multiqc/multiqc_plots/pdf/star_summary_table.pdf",
                "multiqc/multiqc_plots/pdf/umitools_deduplication_barplot-cnt.pdf",
                "multiqc/multiqc_plots/pdf/umitools_deduplication_barplot-pct.pdf",
                "multiqc/multiqc_plots/pdf/umitools_stats_violin.pdf",
                "multiqc/multiqc_plots/png",
                "multiqc/multiqc_plots/png/arm_gate_table.png",
                "multiqc/multiqc_plots/png/bowtie2_pe_plot-cnt.png",
                "multiqc/multiqc_plots/png/bowtie2_pe_plot-pct.png",
                "multiqc/multiqc_plots/png/carmack_extraction_edit_distance_plot.png",
                "multiqc/multiqc_plots/png/carmack_tgidx_anchor_run_plot.png",
                "multiqc/multiqc_plots/png/carmack_tgidx_edit_distance_plot.png",
                "multiqc/multiqc_plots/png/carmack_umi_anchor_run_plot.png",
                "multiqc/multiqc_plots/png/fastqc-status-check-heatmap.png",
                "multiqc/multiqc_plots/png/fastqc_adapter_content_plot.png",
                "multiqc/multiqc_plots/png/fastqc_overrepresented_sequences_plot.png",
                "multiqc/multiqc_plots/png/fastqc_per_base_n_content_plot.png",
                "multiqc/multiqc_plots/png/fastqc_per_base_sequence_quality_plot.png",
                "multiqc/multiqc_plots/png/fastqc_per_sequence_gc_content_plot_Counts.png",
                "multiqc/multiqc_plots/png/fastqc_per_sequence_gc_content_plot_Percentages.png",
                "multiqc/multiqc_plots/png/fastqc_per_sequence_quality_scores_plot.png",
                "multiqc/multiqc_plots/png/fastqc_sequence_counts_plot-cnt.png",
                "multiqc/multiqc_plots/png/fastqc_sequence_counts_plot-pct.png",
                "multiqc/multiqc_plots/png/fastqc_sequence_duplication_levels_plot.png",
                "multiqc/multiqc_plots/png/fastqc_sequence_length_distribution_plot.png",
                "multiqc/multiqc_plots/png/fastqc_top_overrepresented_sequences_table.png",
                "multiqc/multiqc_plots/png/samtools-stats-dp.png",
                "multiqc/multiqc_plots/png/samtools_alignment_plot-cnt.png",
                "multiqc/multiqc_plots/png/samtools_alignment_plot-pct.png",
                "multiqc/multiqc_plots/png/samtools_insert_size.png",
                "multiqc/multiqc_plots/png/star_alignment_plot-cnt.png",
                "multiqc/multiqc_plots/png/star_alignment_plot-pct.png",
                "multiqc/multiqc_plots/png/star_summary_table.png",
                "multiqc/multiqc_plots/png/umitools_deduplication_barplot-cnt.png",
                "multiqc/multiqc_plots/png/umitools_deduplication_barplot-pct.png",
                "multiqc/multiqc_plots/png/umitools_stats_violin.png",
                "multiqc/multiqc_plots/svg",
                "multiqc/multiqc_plots/svg/arm_gate_table.svg",
                "multiqc/multiqc_plots/svg/bowtie2_pe_plot-cnt.svg",
                "multiqc/multiqc_plots/svg/bowtie2_pe_plot-pct.svg",
                "multiqc/multiqc_plots/svg/carmack_extraction_edit_distance_plot.svg",
                "multiqc/multiqc_plots/svg/carmack_tgidx_anchor_run_plot.svg",
                "multiqc/multiqc_plots/svg/carmack_tgidx_edit_distance_plot.svg",
                "multiqc/multiqc_plots/svg/carmack_umi_anchor_run_plot.svg",
                "multiqc/multiqc_plots/svg/fastqc-status-check-heatmap.svg",
                "multiqc/multiqc_plots/svg/fastqc_adapter_content_plot.svg",
                "multiqc/multiqc_plots/svg/fastqc_overrepresented_sequences_plot.svg",
                "multiqc/multiqc_plots/svg/fastqc_per_base_n_content_plot.svg",
                "multiqc/multiqc_plots/svg/fastqc_per_base_sequence_quality_plot.svg",
                "multiqc/multiqc_plots/svg/fastqc_per_sequence_gc_content_plot_Counts.svg",
                "multiqc/multiqc_plots/svg/fastqc_per_sequence_gc_content_plot_Percentages.svg",
                "multiqc/multiqc_plots/svg/fastqc_per_sequence_quality_scores_plot.svg",
                "multiqc/multiqc_plots/svg/fastqc_sequence_counts_plot-cnt.svg",
                "multiqc/multiqc_plots/svg/fastqc_sequence_counts_plot-pct.svg",
                "multiqc/multiqc_plots/svg/fastqc_sequence_duplication_levels_plot.svg",
                "multiqc/multiqc_plots/svg/fastqc_sequence_length_distribution_plot.svg",
                "multiqc/multiqc_plots/svg/fastqc_top_overrepresented_sequences_table.svg",
                "multiqc/multiqc_plots/svg/samtools-stats-dp.svg",
                "multiqc/multiqc_plots/svg/samtools_alignment_plot-cnt.svg",
                "multiqc/multiqc_plots/svg/samtools_alignment_plot-pct.svg",
                "multiqc/multiqc_plots/svg/samtools_insert_size.svg",
                "multiqc/multiqc_plots/svg/star_alignment_plot-cnt.svg",
                "multiqc/multiqc_plots/svg/star_alignment_plot-pct.svg",
                "multiqc/multiqc_plots/svg/star_summary_table.svg",
                "multiqc/multiqc_plots/svg/umitools_deduplication_barplot-cnt.svg",
                "multiqc/multiqc_plots/svg/umitools_deduplication_barplot-pct.svg",
                "multiqc/multiqc_plots/svg/umitools_stats_violin.svg",
                "multiqc/multiqc_report.html",
                "pipeline_info",
                "pipeline_info/arm_gate.tsv",
                "pipeline_info/jacquard_software_mqc_versions.yml",
                "samplesheet_test.csv",
                "samtools",
                "samtools/SK609.TATAGCCT",
                "samtools/SK609.TATAGCCT/SK609.TATAGCCT.stats",
                "star",
                "star/SK609.none",
                "star/SK609.none/SK609.none.Log.final.out",
                "star/SK609.none/SK609.none.Log.out",
                "star/SK609.none/SK609.none.Log.progress.out",
                "star/SK609.none/SK609.none.Solo.out",
                "star/SK609.none/SK609.none.Solo.out/Barcodes.stats",
                "star/SK609.none/SK609.none.Solo.out/Gene",
                "star/SK609.none/SK609.none.Solo.out/Gene/Features.stats",
                "star/SK609.none/SK609.none.Solo.out/Gene/Summary.csv",
                "star/SK609.none/SK609.none.Solo.out/Gene/UMIperCellSorted.txt",
                "star/SK609.none/SK609.none.Solo.out/Gene/filtered",
                "star/SK609.none/SK609.none.Solo.out/Gene/filtered/barcodes.tsv.gz",
                "star/SK609.none/SK609.none.Solo.out/Gene/filtered/features.tsv.gz",
                "star/SK609.none/SK609.none.Solo.out/Gene/filtered/matrix.mtx.gz",
                "star/SK609.none/SK609.none.Solo.out/Gene/raw",
                "star/SK609.none/SK609.none.Solo.out/Gene/raw/barcodes.tsv.gz",
                "star/SK609.none/SK609.none.Solo.out/Gene/raw/features.tsv.gz",
                "star/SK609.none/SK609.none.Solo.out/Gene/raw/matrix.mtx.gz",
                "star/SK609.none/SK609.none.Solo.out/GeneFull",
                "star/SK609.none/SK609.none.Solo.out/GeneFull/Features.stats",
                "star/SK609.none/SK609.none.Solo.out/GeneFull/Summary.csv",
                "star/SK609.none/SK609.none.Solo.out/GeneFull/UMIperCellSorted.txt",
                "star/SK609.none/SK609.none.Solo.out/GeneFull/filtered",
                "star/SK609.none/SK609.none.Solo.out/GeneFull/filtered/barcodes.tsv.gz",
                "star/SK609.none/SK609.none.Solo.out/GeneFull/filtered/features.tsv.gz",
                "star/SK609.none/SK609.none.Solo.out/GeneFull/filtered/matrix.mtx.gz",
                "star/SK609.none/SK609.none.Solo.out/GeneFull/raw",
                "star/SK609.none/SK609.none.Solo.out/GeneFull/raw/barcodes.tsv.gz",
                "star/SK609.none/SK609.none.Solo.out/GeneFull/raw/features.tsv.gz",
                "star/SK609.none/SK609.none.Solo.out/GeneFull/raw/matrix.mtx.gz",
                "umitools",
                "umitools/SK609.TATAGCCT",
                "umitools/SK609.TATAGCCT/SK609.TATAGCCT.bam",
                "umitools/SK609.TATAGCCT/SK609.TATAGCCT.bam.bai",
                "umitools/SK609.TATAGCCT/SK609.TATAGCCT.log"
            ],
            [
                "SK609.tgidx_anchor_run_mqc.json:md5,7202386a0919239fbd8bebddb99ce94f",
                "SK609.tgidx_edit_distance_mqc.json:md5,58a9925bb20aed66956473fbc422f3ff",
                "SK609.tgidx_stats_mqc.json:md5,b831514659441809483adefef9617106",
                "SK609.bc_counts.csv:md5,bb33d2c4509a58db16b124ff6ea40919",
                "SK609.bc_rank.png:md5,eac7b5bb6c40cb14452904f78556be15",
                "SK609.extraction_edit_distance_mqc.json:md5,6b7f014bfa396e42b878792cf4c67b47",
                "SK609.extraction_stats_mqc.json:md5,fe5a29e330bf0d29e1064ed1604bbb9b",
                "SK609.umi_anchor_run_mqc.json:md5,9cd6ec9739fd35370a51e95266a7dcb5",
                "SK609.umi_stats_mqc.json:md5,2efc4fd8a75770d8ddd7ac4ee267fdcf",
                "SK609.detected_targets.txt:md5,9c2b01932d764db48ea2db4ef6a5e061",
                "SK609.prepare_stats_mqc.json:md5,853a17b7c5e75dd4506762bb3687a9b8",
                "bowtie2_pe_plot.txt:md5,ba9da4a5c646e403d63fa4c340662a72",
                "fastqc-status-check-heatmap.txt:md5,9b39df18f40d302481dc09bed6795087",
                "fastqc_adapter_content_plot.txt:md5,9944a9668c2eaabe0859e841adb3e8c6",
                "fastqc_overrepresented_sequences_plot.txt:md5,36b59ec9a41d88d40de13e0d44fc3968",
                "fastqc_per_base_n_content_plot.txt:md5,bafe505ee656aee8db42cde75f419f3e",
                "fastqc_per_base_sequence_quality_plot.txt:md5,7450e81ce8097faa02400c879344c015",
                "fastqc_per_sequence_gc_content_plot_Counts.txt:md5,6803b30a971157c26f40decb550bc9d7",
                "fastqc_per_sequence_gc_content_plot_Percentages.txt:md5,60975a25a6ad33b08add434660880deb",
                "fastqc_per_sequence_quality_scores_plot.txt:md5,1de264b255f1293eeb69757669cbd529",
                "fastqc_sequence_counts_plot.txt:md5,7d9f1cd254a15600283e82637c9a8f72",
                "fastqc_sequence_duplication_levels_plot.txt:md5,3de3a9cf284290ea16003a48ecaa51c0",
                "fastqc_sequence_length_distribution_plot.txt:md5,d3590c9f287dee4c933f40d76bcecf45",
                "multiqc_arm_gate_table.txt:md5,3f678e899080aed14d37792fa0eeb77b",
                "multiqc_bowtie2.txt:md5,4bc71e6c2f0684f7da56f54c5b510c93",
                "multiqc_carmack_extraction_edit_distance_plot.txt:md5,a14c58ae7ed4cc8fd33accd6f8fe072f",
                "multiqc_carmack_tgidx_anchor_run_plot.txt:md5,05792f4088db9f63895c56e54029ca8a",
                "multiqc_carmack_tgidx_edit_distance_plot.txt:md5,bdf4bebcec0993ca5e54e7c126771ec9",
                "multiqc_carmack_umi_anchor_run_plot.txt:md5,edfcf9038f7386602c67c9b4ff0a65ed",
                "multiqc_citations.txt:md5,ce7ae74ddf2f1336f0eebc847b0d9700",
                "multiqc_fastqc.txt:md5,1af25e8d18e2bbfa1638c163df160b07",
                "multiqc_general_stats.txt:md5,258bae659aa6f0e9bbd8b8fe8226a3c6",
                "multiqc_samtools_stats.txt:md5,2a2f6facad40c9db11e7e96cf527e960",
                "multiqc_star.txt:md5,40d46ce3f8cb10b153ee567ef2eede7d",
                "multiqc_umitools_dedup.txt:md5,b14e8ece3a35e1367ee3742cdca5c7e0",
                "multiqc_umitools_extract.txt:md5,d41d8cd98f00b204e9800998ecf8427e",
                "samtools-stats-dp.txt:md5,c24b7bba1e2e5ca53e460c1f3a94568e",
                "samtools_alignment_plot.txt:md5,9c5c37499b7112297c707dc4a6bb577d",
                "samtools_insert_size.txt:md5,5c8e4df3b8af371b966d769768000561",
                "star_alignment_plot.txt:md5,d83dc267ac36545a255e53d2826fe7c3",
                "star_summary_table.txt:md5,0896580298910efb277cab856cdee51c",
                "umitools_deduplication_barplot.txt:md5,6c981b40b71ece008c615bc21404111d",
                "umitools_stats_violin.txt:md5,3779c155cee73cf9620f2d70e1a68c8d",
                "arm_gate.tsv:md5,96e4ca08e06623658f59abdc72ec1f15",
                "samplesheet_test.csv:md5,1df8433c74663856db98115d28c8271e",
                "Barcodes.stats:md5,4c9c5e67e4f55e6eebd040eba4c9224b",
                "Features.stats:md5,13886439cfb78e1bde750b399476115d",
                "Summary.csv:md5,77d9da418126cddbdc67c87a4ac3d855",
                "UMIperCellSorted.txt:md5,280262bb00bfccfa4c24774d8faccde2",
                "barcodes.tsv.gz:md5,29bdf37bd2176d50ed5b4361ae787f4d",
                "features.tsv.gz:md5,a7c451918a577bf504f6b303f2f8180a",
                "matrix.mtx.gz:md5,7dc3492456d2c4f330dd0b6858eca911",
                "barcodes.tsv.gz:md5,29bdf37bd2176d50ed5b4361ae787f4d",
                "features.tsv.gz:md5,a7c451918a577bf504f6b303f2f8180a",
                "matrix.mtx.gz:md5,7dc3492456d2c4f330dd0b6858eca911",
                "Features.stats:md5,5b83fcdd1d40a91b05bb6e4cffd39321",
                "Summary.csv:md5,e57a35d7967608b564bf3374f17e04d3",
                "UMIperCellSorted.txt:md5,69360f07fc69ce045fc3ce35c2f9a946",
                "barcodes.tsv.gz:md5,8cf91f8e8cf72a16687d7892568fd192",
                "features.tsv.gz:md5,a7c451918a577bf504f6b303f2f8180a",
                "matrix.mtx.gz:md5,be9d1e95efdbe4db369252112580ad4e",
                "barcodes.tsv.gz:md5,8cf91f8e8cf72a16687d7892568fd192",
                "features.tsv.gz:md5,a7c451918a577bf504f6b303f2f8180a",
                "matrix.mtx.gz:md5,be9d1e95efdbe4db369252112580ad4e"
            ]
        ],
        "timestamp": "2026-09-13T16:11:29.065523767",
        "meta": {
            "nf-test": "0.9.5",
            "nextflow": "26.04.6"
        }
    }
}