{
    "-profile test": {
        "content": [
            {
                "BOWTIE2_ALIGN": {
                    "bowtie2": "2.5.4",
                    "pigz": 2.8,
                    "samtools": 1.21
                },
                "BOWTIE2_BUILD": {
                    "bowtie2": "2.5.4"
                },
                "CARMACK_ASSIGNTARGETS": {
                    "carmack": "0.0.0+6d7d1ec"
                },
                "CARMACK_EXTRACTBARCODES": {
                    "carmack": "0.0.0+6d7d1ec"
                },
                "CARMACK_EXTRACTUMIS": {
                    "carmack": "0.0.0+6d7d1ec"
                },
                "CARMACK_LINEARDEDUP": {
                    "carmack": "0.0.0+6d7d1ec"
                },
                "CARMACK_PREPAREREADS": {
                    "carmack": "0.0.0+6d7d1ec"
                },
                "CHEMISTRYADAPTERS": {
                    "carmack": "0.0.0+6d7d1ec"
                },
                "FASTP": {
                    "fastp": "1.3.6"
                },
                "FASTQC": {
                    "fastqc": "0.12.1"
                },
                "FASTQC_PREPARED": {
                    "fastqc": "0.12.1"
                },
                "RESYNCBARCODES": {
                    "python": "3.12.2"
                },
                "SAMTOOLS_INDEX_DEDUP": {
                    "samtools": 1.24
                },
                "SAMTOOLS_INDEX_TAGGED": {
                    "samtools": 1.24
                },
                "SAMTOOLS_SORT": {
                    "samtools": 1.24
                },
                "SAMTOOLS_STATS": {
                    "samtools": 1.24
                },
                "STAR_GENOMEGENERATE": {
                    "gawk": "5.1.0",
                    "samtools": 1.21,
                    "star": "2.7.11b"
                },
                "STAR_STARSOLO": {
                    "star": "2.7.11b"
                },
                "TAGQNAME": {
                    "pysam": "0.24.1"
                },
                "UMITOOLS_DEDUP": {
                    "umitools": "1.1.6"
                },
                "Workflow": {
                    "neurogenomics/jacquard": "v0.1.0"
                }
            },
            [
                "bowtie2",
                "bowtie2/SK609.TATAGCCT",
                "bowtie2/SK609.TATAGCCT/SK609.TATAGCCT.bowtie2.log",
                "carmack",
                "carmack/assigntargets",
                "carmack/assigntargets/SK609",
                "carmack/assigntargets/SK609/SK609.r1_tgidx.fastq.gz",
                "carmack/assigntargets/SK609/SK609.tgidx_anchor_run_mqc.json",
                "carmack/assigntargets/SK609/SK609.tgidx_breakdown_mqc.json",
                "carmack/assigntargets/SK609/SK609.tgidx_edit_distance_mqc.json",
                "carmack/assigntargets/SK609/SK609.tgidx_general_stats_mqc.json",
                "carmack/assigntargets/SK609/SK609.tgidx_stats.txt",
                "carmack/assigntargets/SK609/SK609.tgidx_target_distribution_mqc.json",
                "carmack/extractbarcodes",
                "carmack/extractbarcodes/SK609",
                "carmack/extractbarcodes/SK609/SK609.bc_all.txt.gz",
                "carmack/extractbarcodes/SK609/SK609.bc_counts.csv",
                "carmack/extractbarcodes/SK609/SK609.bc_rank.png",
                "carmack/extractbarcodes/SK609/SK609.bc_stats.txt",
                "carmack/extractbarcodes/SK609/SK609.bc_valid.txt.gz",
                "carmack/extractbarcodes/SK609/SK609.extraction_barcode_rank_mqc.json",
                "carmack/extractbarcodes/SK609/SK609.extraction_breakdown_mqc.json",
                "carmack/extractbarcodes/SK609/SK609.extraction_edit_distance_mqc.json",
                "carmack/extractbarcodes/SK609/SK609.extraction_general_stats_mqc.json",
                "carmack/extractbarcodes/SK609/SK609.r1_annotated.fastq.gz",
                "carmack/extractumis",
                "carmack/extractumis/SK609",
                "carmack/extractumis/SK609/SK609.r1_umi.fastq.gz",
                "carmack/extractumis/SK609/SK609.umi_anchor_run_mqc.json",
                "carmack/extractumis/SK609/SK609.umi_breakdown_mqc.json",
                "carmack/extractumis/SK609/SK609.umi_general_stats_mqc.json",
                "carmack/extractumis/SK609/SK609.umi_stats.txt",
                "carmack/preparereads",
                "carmack/preparereads/SK609",
                "carmack/preparereads/SK609/SK609.detected_targets.txt",
                "carmack/preparereads/SK609/SK609.prepare_general_stats_mqc.json",
                "carmack/preparereads/SK609/SK609.prepare_stats.txt",
                "carmack/preparereads/SK609/SK609.prepare_target_distribution_mqc.json",
                "carmack/preparereads/SK609/scrna",
                "carmack/preparereads/SK609/scrna/SK609.none.barcodes.fastq.gz",
                "carmack/preparereads/SK609/scrna/SK609.none.r1.fastq.gz",
                "carmack/preparereads/SK609/scrna/SK609.none.r2.fastq.gz",
                "carmack/preparereads/SK609/sctip",
                "carmack/preparereads/SK609/sctip/SK609.TATAGCCT.r1.fastq.gz",
                "carmack/preparereads/SK609/sctip/SK609.TATAGCCT.r2.fastq.gz",
                "fastp",
                "fastp/SK609.TATAGCCT",
                "fastp/SK609.TATAGCCT/SK609.TATAGCCT.fastp.html",
                "fastp/SK609.TATAGCCT/SK609.TATAGCCT.fastp.json",
                "fastp/SK609.TATAGCCT/SK609.TATAGCCT.fastp.log",
                "fastp/SK609.none",
                "fastp/SK609.none/SK609.none.fastp.html",
                "fastp/SK609.none/SK609.none.fastp.json",
                "fastp/SK609.none/SK609.none.fastp.log",
                "fastp/carmack_custom_seq_1_0.adapters.fasta",
                "fastqc",
                "fastqc/SK609_1_fastqc.html",
                "fastqc/SK609_1_fastqc.zip",
                "fastqc/SK609_2_fastqc.html",
                "fastqc/SK609_2_fastqc.zip",
                "fastqc/prepared",
                "fastqc/prepared/SK609.TATAGCCT",
                "fastqc/prepared/SK609.TATAGCCT/SK609.TATAGCCT_1_fastqc.html",
                "fastqc/prepared/SK609.TATAGCCT/SK609.TATAGCCT_1_fastqc.zip",
                "fastqc/prepared/SK609.TATAGCCT/SK609.TATAGCCT_2_fastqc.html",
                "fastqc/prepared/SK609.TATAGCCT/SK609.TATAGCCT_2_fastqc.zip",
                "fastqc/prepared/SK609.none",
                "fastqc/prepared/SK609.none/SK609.none_fastqc.html",
                "fastqc/prepared/SK609.none/SK609.none_fastqc.zip",
                "lineardedup",
                "lineardedup/SK609.TATAGCCT",
                "lineardedup/SK609.TATAGCCT/SK609.TATAGCCT.linear_dedup.bam",
                "lineardedup/SK609.TATAGCCT/SK609.TATAGCCT.linear_dedup.bam.bai",
                "lineardedup/SK609.TATAGCCT/SK609.TATAGCCT.linear_dedup_breakdown_mqc.json",
                "lineardedup/SK609.TATAGCCT/SK609.TATAGCCT.linear_dedup_chromosome_breakdown_mqc.json",
                "lineardedup/SK609.TATAGCCT/SK609.TATAGCCT.linear_dedup_general_stats_mqc.json",
                "lineardedup/SK609.TATAGCCT/SK609.TATAGCCT.linear_dedup_stats.txt",
                "multiqc",
                "multiqc/multiqc_data",
                "multiqc/multiqc_data/bowtie2_pe_plot.txt",
                "multiqc/multiqc_data/fastp-insert-size-plot.txt",
                "multiqc/multiqc_data/fastp-seq-content-gc-plot_Read_1_After_filtering.txt",
                "multiqc/multiqc_data/fastp-seq-content-gc-plot_Read_1_Before_filtering.txt",
                "multiqc/multiqc_data/fastp-seq-content-gc-plot_Read_2_After_filtering.txt",
                "multiqc/multiqc_data/fastp-seq-content-gc-plot_Read_2_Before_filtering.txt",
                "multiqc/multiqc_data/fastp-seq-content-n-plot_Read_1_After_filtering.txt",
                "multiqc/multiqc_data/fastp-seq-content-n-plot_Read_1_Before_filtering.txt",
                "multiqc/multiqc_data/fastp-seq-content-n-plot_Read_2_After_filtering.txt",
                "multiqc/multiqc_data/fastp-seq-content-n-plot_Read_2_Before_filtering.txt",
                "multiqc/multiqc_data/fastp-seq-quality-plot_Read_1_After_filtering.txt",
                "multiqc/multiqc_data/fastp-seq-quality-plot_Read_1_Before_filtering.txt",
                "multiqc/multiqc_data/fastp-seq-quality-plot_Read_2_After_filtering.txt",
                "multiqc/multiqc_data/fastp-seq-quality-plot_Read_2_Before_filtering.txt",
                "multiqc/multiqc_data/fastp_filtered_reads_plot.txt",
                "multiqc/multiqc_data/fastqc-status-check-heatmap.txt",
                "multiqc/multiqc_data/fastqc_adapter_content_plot.txt",
                "multiqc/multiqc_data/fastqc_overrepresented_sequences_plot.txt",
                "multiqc/multiqc_data/fastqc_per_base_n_content_plot.txt",
                "multiqc/multiqc_data/fastqc_per_base_sequence_quality_plot.txt",
                "multiqc/multiqc_data/fastqc_per_sequence_gc_content_plot_Counts.txt",
                "multiqc/multiqc_data/fastqc_per_sequence_gc_content_plot_Percentages.txt",
                "multiqc/multiqc_data/fastqc_per_sequence_quality_scores_plot.txt",
                "multiqc/multiqc_data/fastqc_sequence_counts_plot.txt",
                "multiqc/multiqc_data/fastqc_sequence_duplication_levels_plot.txt",
                "multiqc/multiqc_data/fastqc_sequence_length_distribution_plot.txt",
                "multiqc/multiqc_data/fastqc_top_overrepresented_sequences_table.txt",
                "multiqc/multiqc_data/llms-full.txt",
                "multiqc/multiqc_data/multiqc.log",
                "multiqc/multiqc_data/multiqc.parquet",
                "multiqc/multiqc_data/multiqc_arm_gate_table.txt",
                "multiqc/multiqc_data/multiqc_bowtie2.txt",
                "multiqc/multiqc_data/multiqc_carmack_extraction_barcode_rank_plot.txt",
                "multiqc/multiqc_data/multiqc_carmack_extraction_breakdown_plot.txt",
                "multiqc/multiqc_data/multiqc_carmack_extraction_edit_distance_plot.txt",
                "multiqc/multiqc_data/multiqc_carmack_linear_dedup_breakdown_plot.txt",
                "multiqc/multiqc_data/multiqc_carmack_linear_dedup_chromosome_breakdown_plot.txt",
                "multiqc/multiqc_data/multiqc_carmack_prepare_target_distribution_plot.txt",
                "multiqc/multiqc_data/multiqc_carmack_tgidx_anchor_run_plot.txt",
                "multiqc/multiqc_data/multiqc_carmack_tgidx_breakdown_plot.txt",
                "multiqc/multiqc_data/multiqc_carmack_tgidx_edit_distance_plot.txt",
                "multiqc/multiqc_data/multiqc_carmack_tgidx_target_distribution_plot.txt",
                "multiqc/multiqc_data/multiqc_carmack_umi_anchor_run_plot.txt",
                "multiqc/multiqc_data/multiqc_carmack_umi_breakdown_plot.txt",
                "multiqc/multiqc_data/multiqc_citations.txt",
                "multiqc/multiqc_data/multiqc_data.json",
                "multiqc/multiqc_data/multiqc_fastp.txt",
                "multiqc/multiqc_data/multiqc_fastqc.txt",
                "multiqc/multiqc_data/multiqc_general_stats.txt",
                "multiqc/multiqc_data/multiqc_samtools_stats.txt",
                "multiqc/multiqc_data/multiqc_software_versions.txt",
                "multiqc/multiqc_data/multiqc_sources.txt",
                "multiqc/multiqc_data/multiqc_star.txt",
                "multiqc/multiqc_data/multiqc_umitools_dedup.txt",
                "multiqc/multiqc_data/multiqc_umitools_extract.txt",
                "multiqc/multiqc_data/samtools-stats-dp.txt",
                "multiqc/multiqc_data/samtools_alignment_plot.txt",
                "multiqc/multiqc_data/samtools_insert_size.txt",
                "multiqc/multiqc_data/star_alignment_plot.txt",
                "multiqc/multiqc_data/star_summary_table.txt",
                "multiqc/multiqc_data/umitools_deduplication_barplot.txt",
                "multiqc/multiqc_data/umitools_stats_violin.txt",
                "multiqc/multiqc_plots",
                "multiqc/multiqc_plots/pdf",
                "multiqc/multiqc_plots/pdf/arm_gate_table.pdf",
                "multiqc/multiqc_plots/pdf/bowtie2_pe_plot-cnt.pdf",
                "multiqc/multiqc_plots/pdf/bowtie2_pe_plot-pct.pdf",
                "multiqc/multiqc_plots/pdf/carmack_extraction_barcode_rank_plot.pdf",
                "multiqc/multiqc_plots/pdf/carmack_extraction_breakdown_plot-cnt.pdf",
                "multiqc/multiqc_plots/pdf/carmack_extraction_breakdown_plot-pct.pdf",
                "multiqc/multiqc_plots/pdf/carmack_extraction_edit_distance_plot.pdf",
                "multiqc/multiqc_plots/pdf/carmack_linear_dedup_breakdown_plot-cnt.pdf",
                "multiqc/multiqc_plots/pdf/carmack_linear_dedup_breakdown_plot-pct.pdf",
                "multiqc/multiqc_plots/pdf/carmack_linear_dedup_chromosome_breakdown_plot-cnt.pdf",
                "multiqc/multiqc_plots/pdf/carmack_linear_dedup_chromosome_breakdown_plot-pct.pdf",
                "multiqc/multiqc_plots/pdf/carmack_prepare_target_distribution_plot-cnt.pdf",
                "multiqc/multiqc_plots/pdf/carmack_prepare_target_distribution_plot-pct.pdf",
                "multiqc/multiqc_plots/pdf/carmack_tgidx_anchor_run_plot.pdf",
                "multiqc/multiqc_plots/pdf/carmack_tgidx_breakdown_plot-cnt.pdf",
                "multiqc/multiqc_plots/pdf/carmack_tgidx_breakdown_plot-pct.pdf",
                "multiqc/multiqc_plots/pdf/carmack_tgidx_edit_distance_plot.pdf",
                "multiqc/multiqc_plots/pdf/carmack_tgidx_target_distribution_plot-cnt.pdf",
                "multiqc/multiqc_plots/pdf/carmack_tgidx_target_distribution_plot-pct.pdf",
                "multiqc/multiqc_plots/pdf/carmack_umi_anchor_run_plot.pdf",
                "multiqc/multiqc_plots/pdf/carmack_umi_breakdown_plot-cnt.pdf",
                "multiqc/multiqc_plots/pdf/carmack_umi_breakdown_plot-pct.pdf",
                "multiqc/multiqc_plots/pdf/fastp-insert-size-plot.pdf",
                "multiqc/multiqc_plots/pdf/fastp-seq-content-gc-plot_Read_1_After_filtering.pdf",
                "multiqc/multiqc_plots/pdf/fastp-seq-content-gc-plot_Read_1_Before_filtering.pdf",
                "multiqc/multiqc_plots/pdf/fastp-seq-content-gc-plot_Read_2_After_filtering.pdf",
                "multiqc/multiqc_plots/pdf/fastp-seq-content-gc-plot_Read_2_Before_filtering.pdf",
                "multiqc/multiqc_plots/pdf/fastp-seq-content-n-plot_Read_1_After_filtering.pdf",
                "multiqc/multiqc_plots/pdf/fastp-seq-content-n-plot_Read_1_Before_filtering.pdf",
                "multiqc/multiqc_plots/pdf/fastp-seq-content-n-plot_Read_2_After_filtering.pdf",
                "multiqc/multiqc_plots/pdf/fastp-seq-content-n-plot_Read_2_Before_filtering.pdf",
                "multiqc/multiqc_plots/pdf/fastp-seq-quality-plot_Read_1_After_filtering.pdf",
                "multiqc/multiqc_plots/pdf/fastp-seq-quality-plot_Read_1_Before_filtering.pdf",
                "multiqc/multiqc_plots/pdf/fastp-seq-quality-plot_Read_2_After_filtering.pdf",
                "multiqc/multiqc_plots/pdf/fastp-seq-quality-plot_Read_2_Before_filtering.pdf",
                "multiqc/multiqc_plots/pdf/fastp_filtered_reads_plot-cnt.pdf",
                "multiqc/multiqc_plots/pdf/fastp_filtered_reads_plot-pct.pdf",
                "multiqc/multiqc_plots/pdf/fastqc-status-check-heatmap.pdf",
                "multiqc/multiqc_plots/pdf/fastqc_adapter_content_plot.pdf",
                "multiqc/multiqc_plots/pdf/fastqc_overrepresented_sequences_plot.pdf",
                "multiqc/multiqc_plots/pdf/fastqc_per_base_n_content_plot.pdf",
                "multiqc/multiqc_plots/pdf/fastqc_per_base_sequence_quality_plot.pdf",
                "multiqc/multiqc_plots/pdf/fastqc_per_sequence_gc_content_plot_Counts.pdf",
                "multiqc/multiqc_plots/pdf/fastqc_per_sequence_gc_content_plot_Percentages.pdf",
                "multiqc/multiqc_plots/pdf/fastqc_per_sequence_quality_scores_plot.pdf",
                "multiqc/multiqc_plots/pdf/fastqc_sequence_counts_plot-cnt.pdf",
                "multiqc/multiqc_plots/pdf/fastqc_sequence_counts_plot-pct.pdf",
                "multiqc/multiqc_plots/pdf/fastqc_sequence_duplication_levels_plot.pdf",
                "multiqc/multiqc_plots/pdf/fastqc_sequence_length_distribution_plot.pdf",
                "multiqc/multiqc_plots/pdf/fastqc_top_overrepresented_sequences_table.pdf",
                "multiqc/multiqc_plots/pdf/samtools-stats-dp.pdf",
                "multiqc/multiqc_plots/pdf/samtools_alignment_plot-cnt.pdf",
                "multiqc/multiqc_plots/pdf/samtools_alignment_plot-pct.pdf",
                "multiqc/multiqc_plots/pdf/samtools_insert_size.pdf",
                "multiqc/multiqc_plots/pdf/star_alignment_plot-cnt.pdf",
                "multiqc/multiqc_plots/pdf/star_alignment_plot-pct.pdf",
                "multiqc/multiqc_plots/pdf/star_summary_table.pdf",
                "multiqc/multiqc_plots/pdf/umitools_deduplication_barplot-cnt.pdf",
                "multiqc/multiqc_plots/pdf/umitools_deduplication_barplot-pct.pdf",
                "multiqc/multiqc_plots/pdf/umitools_stats_violin.pdf",
                "multiqc/multiqc_plots/png",
                "multiqc/multiqc_plots/png/arm_gate_table.png",
                "multiqc/multiqc_plots/png/bowtie2_pe_plot-cnt.png",
                "multiqc/multiqc_plots/png/bowtie2_pe_plot-pct.png",
                "multiqc/multiqc_plots/png/carmack_extraction_barcode_rank_plot.png",
                "multiqc/multiqc_plots/png/carmack_extraction_breakdown_plot-cnt.png",
                "multiqc/multiqc_plots/png/carmack_extraction_breakdown_plot-pct.png",
                "multiqc/multiqc_plots/png/carmack_extraction_edit_distance_plot.png",
                "multiqc/multiqc_plots/png/carmack_linear_dedup_breakdown_plot-cnt.png",
                "multiqc/multiqc_plots/png/carmack_linear_dedup_breakdown_plot-pct.png",
                "multiqc/multiqc_plots/png/carmack_linear_dedup_chromosome_breakdown_plot-cnt.png",
                "multiqc/multiqc_plots/png/carmack_linear_dedup_chromosome_breakdown_plot-pct.png",
                "multiqc/multiqc_plots/png/carmack_prepare_target_distribution_plot-cnt.png",
                "multiqc/multiqc_plots/png/carmack_prepare_target_distribution_plot-pct.png",
                "multiqc/multiqc_plots/png/carmack_tgidx_anchor_run_plot.png",
                "multiqc/multiqc_plots/png/carmack_tgidx_breakdown_plot-cnt.png",
                "multiqc/multiqc_plots/png/carmack_tgidx_breakdown_plot-pct.png",
                "multiqc/multiqc_plots/png/carmack_tgidx_edit_distance_plot.png",
                "multiqc/multiqc_plots/png/carmack_tgidx_target_distribution_plot-cnt.png",
                "multiqc/multiqc_plots/png/carmack_tgidx_target_distribution_plot-pct.png",
                "multiqc/multiqc_plots/png/carmack_umi_anchor_run_plot.png",
                "multiqc/multiqc_plots/png/carmack_umi_breakdown_plot-cnt.png",
                "multiqc/multiqc_plots/png/carmack_umi_breakdown_plot-pct.png",
                "multiqc/multiqc_plots/png/fastp-insert-size-plot.png",
                "multiqc/multiqc_plots/png/fastp-seq-content-gc-plot_Read_1_After_filtering.png",
                "multiqc/multiqc_plots/png/fastp-seq-content-gc-plot_Read_1_Before_filtering.png",
                "multiqc/multiqc_plots/png/fastp-seq-content-gc-plot_Read_2_After_filtering.png",
                "multiqc/multiqc_plots/png/fastp-seq-content-gc-plot_Read_2_Before_filtering.png",
                "multiqc/multiqc_plots/png/fastp-seq-content-n-plot_Read_1_After_filtering.png",
                "multiqc/multiqc_plots/png/fastp-seq-content-n-plot_Read_1_Before_filtering.png",
                "multiqc/multiqc_plots/png/fastp-seq-content-n-plot_Read_2_After_filtering.png",
                "multiqc/multiqc_plots/png/fastp-seq-content-n-plot_Read_2_Before_filtering.png",
                "multiqc/multiqc_plots/png/fastp-seq-quality-plot_Read_1_After_filtering.png",
                "multiqc/multiqc_plots/png/fastp-seq-quality-plot_Read_1_Before_filtering.png",
                "multiqc/multiqc_plots/png/fastp-seq-quality-plot_Read_2_After_filtering.png",
                "multiqc/multiqc_plots/png/fastp-seq-quality-plot_Read_2_Before_filtering.png",
                "multiqc/multiqc_plots/png/fastp_filtered_reads_plot-cnt.png",
                "multiqc/multiqc_plots/png/fastp_filtered_reads_plot-pct.png",
                "multiqc/multiqc_plots/png/fastqc-status-check-heatmap.png",
                "multiqc/multiqc_plots/png/fastqc_adapter_content_plot.png",
                "multiqc/multiqc_plots/png/fastqc_overrepresented_sequences_plot.png",
                "multiqc/multiqc_plots/png/fastqc_per_base_n_content_plot.png",
                "multiqc/multiqc_plots/png/fastqc_per_base_sequence_quality_plot.png",
                "multiqc/multiqc_plots/png/fastqc_per_sequence_gc_content_plot_Counts.png",
                "multiqc/multiqc_plots/png/fastqc_per_sequence_gc_content_plot_Percentages.png",
                "multiqc/multiqc_plots/png/fastqc_per_sequence_quality_scores_plot.png",
                "multiqc/multiqc_plots/png/fastqc_sequence_counts_plot-cnt.png",
                "multiqc/multiqc_plots/png/fastqc_sequence_counts_plot-pct.png",
                "multiqc/multiqc_plots/png/fastqc_sequence_duplication_levels_plot.png",
                "multiqc/multiqc_plots/png/fastqc_sequence_length_distribution_plot.png",
                "multiqc/multiqc_plots/png/fastqc_top_overrepresented_sequences_table.png",
                "multiqc/multiqc_plots/png/samtools-stats-dp.png",
                "multiqc/multiqc_plots/png/samtools_alignment_plot-cnt.png",
                "multiqc/multiqc_plots/png/samtools_alignment_plot-pct.png",
                "multiqc/multiqc_plots/png/samtools_insert_size.png",
                "multiqc/multiqc_plots/png/star_alignment_plot-cnt.png",
                "multiqc/multiqc_plots/png/star_alignment_plot-pct.png",
                "multiqc/multiqc_plots/png/star_summary_table.png",
                "multiqc/multiqc_plots/png/umitools_deduplication_barplot-cnt.png",
                "multiqc/multiqc_plots/png/umitools_deduplication_barplot-pct.png",
                "multiqc/multiqc_plots/png/umitools_stats_violin.png",
                "multiqc/multiqc_plots/svg",
                "multiqc/multiqc_plots/svg/arm_gate_table.svg",
                "multiqc/multiqc_plots/svg/bowtie2_pe_plot-cnt.svg",
                "multiqc/multiqc_plots/svg/bowtie2_pe_plot-pct.svg",
                "multiqc/multiqc_plots/svg/carmack_extraction_barcode_rank_plot.svg",
                "multiqc/multiqc_plots/svg/carmack_extraction_breakdown_plot-cnt.svg",
                "multiqc/multiqc_plots/svg/carmack_extraction_breakdown_plot-pct.svg",
                "multiqc/multiqc_plots/svg/carmack_extraction_edit_distance_plot.svg",
                "multiqc/multiqc_plots/svg/carmack_linear_dedup_breakdown_plot-cnt.svg",
                "multiqc/multiqc_plots/svg/carmack_linear_dedup_breakdown_plot-pct.svg",
                "multiqc/multiqc_plots/svg/carmack_linear_dedup_chromosome_breakdown_plot-cnt.svg",
                "multiqc/multiqc_plots/svg/carmack_linear_dedup_chromosome_breakdown_plot-pct.svg",
                "multiqc/multiqc_plots/svg/carmack_prepare_target_distribution_plot-cnt.svg",
                "multiqc/multiqc_plots/svg/carmack_prepare_target_distribution_plot-pct.svg",
                "multiqc/multiqc_plots/svg/carmack_tgidx_anchor_run_plot.svg",
                "multiqc/multiqc_plots/svg/carmack_tgidx_breakdown_plot-cnt.svg",
                "multiqc/multiqc_plots/svg/carmack_tgidx_breakdown_plot-pct.svg",
                "multiqc/multiqc_plots/svg/carmack_tgidx_edit_distance_plot.svg",
                "multiqc/multiqc_plots/svg/carmack_tgidx_target_distribution_plot-cnt.svg",
                "multiqc/multiqc_plots/svg/carmack_tgidx_target_distribution_plot-pct.svg",
                "multiqc/multiqc_plots/svg/carmack_umi_anchor_run_plot.svg",
                "multiqc/multiqc_plots/svg/carmack_umi_breakdown_plot-cnt.svg",
                "multiqc/multiqc_plots/svg/carmack_umi_breakdown_plot-pct.svg",
                "multiqc/multiqc_plots/svg/fastp-insert-size-plot.svg",
                "multiqc/multiqc_plots/svg/fastp-seq-content-gc-plot_Read_1_After_filtering.svg",
                "multiqc/multiqc_plots/svg/fastp-seq-content-gc-plot_Read_1_Before_filtering.svg",
                "multiqc/multiqc_plots/svg/fastp-seq-content-gc-plot_Read_2_After_filtering.svg",
                "multiqc/multiqc_plots/svg/fastp-seq-content-gc-plot_Read_2_Before_filtering.svg",
                "multiqc/multiqc_plots/svg/fastp-seq-content-n-plot_Read_1_After_filtering.svg",
                "multiqc/multiqc_plots/svg/fastp-seq-content-n-plot_Read_1_Before_filtering.svg",
                "multiqc/multiqc_plots/svg/fastp-seq-content-n-plot_Read_2_After_filtering.svg",
                "multiqc/multiqc_plots/svg/fastp-seq-content-n-plot_Read_2_Before_filtering.svg",
                "multiqc/multiqc_plots/svg/fastp-seq-quality-plot_Read_1_After_filtering.svg",
                "multiqc/multiqc_plots/svg/fastp-seq-quality-plot_Read_1_Before_filtering.svg",
                "multiqc/multiqc_plots/svg/fastp-seq-quality-plot_Read_2_After_filtering.svg",
                "multiqc/multiqc_plots/svg/fastp-seq-quality-plot_Read_2_Before_filtering.svg",
                "multiqc/multiqc_plots/svg/fastp_filtered_reads_plot-cnt.svg",
                "multiqc/multiqc_plots/svg/fastp_filtered_reads_plot-pct.svg",
                "multiqc/multiqc_plots/svg/fastqc-status-check-heatmap.svg",
                "multiqc/multiqc_plots/svg/fastqc_adapter_content_plot.svg",
                "multiqc/multiqc_plots/svg/fastqc_overrepresented_sequences_plot.svg",
                "multiqc/multiqc_plots/svg/fastqc_per_base_n_content_plot.svg",
                "multiqc/multiqc_plots/svg/fastqc_per_base_sequence_quality_plot.svg",
                "multiqc/multiqc_plots/svg/fastqc_per_sequence_gc_content_plot_Counts.svg",
                "multiqc/multiqc_plots/svg/fastqc_per_sequence_gc_content_plot_Percentages.svg",
                "multiqc/multiqc_plots/svg/fastqc_per_sequence_quality_scores_plot.svg",
                "multiqc/multiqc_plots/svg/fastqc_sequence_counts_plot-cnt.svg",
                "multiqc/multiqc_plots/svg/fastqc_sequence_counts_plot-pct.svg",
                "multiqc/multiqc_plots/svg/fastqc_sequence_duplication_levels_plot.svg",
                "multiqc/multiqc_plots/svg/fastqc_sequence_length_distribution_plot.svg",
                "multiqc/multiqc_plots/svg/fastqc_top_overrepresented_sequences_table.svg",
                "multiqc/multiqc_plots/svg/samtools-stats-dp.svg",
                "multiqc/multiqc_plots/svg/samtools_alignment_plot-cnt.svg",
                "multiqc/multiqc_plots/svg/samtools_alignment_plot-pct.svg",
                "multiqc/multiqc_plots/svg/samtools_insert_size.svg",
                "multiqc/multiqc_plots/svg/star_alignment_plot-cnt.svg",
                "multiqc/multiqc_plots/svg/star_alignment_plot-pct.svg",
                "multiqc/multiqc_plots/svg/star_summary_table.svg",
                "multiqc/multiqc_plots/svg/umitools_deduplication_barplot-cnt.svg",
                "multiqc/multiqc_plots/svg/umitools_deduplication_barplot-pct.svg",
                "multiqc/multiqc_plots/svg/umitools_stats_violin.svg",
                "multiqc/multiqc_report.html",
                "pipeline_info",
                "pipeline_info/arm_gate.tsv",
                "pipeline_info/jacquard_software_mqc_versions.yml",
                "samplesheet_test.csv",
                "samtools",
                "samtools/SK609.TATAGCCT",
                "samtools/SK609.TATAGCCT/SK609.TATAGCCT.stats",
                "star",
                "star/SK609.none",
                "star/SK609.none/SK609.none.Log.final.out",
                "star/SK609.none/SK609.none.Log.out",
                "star/SK609.none/SK609.none.Log.progress.out",
                "star/SK609.none/SK609.none.Solo.out",
                "star/SK609.none/SK609.none.Solo.out/Barcodes.stats",
                "star/SK609.none/SK609.none.Solo.out/Gene",
                "star/SK609.none/SK609.none.Solo.out/Gene/Features.stats",
                "star/SK609.none/SK609.none.Solo.out/Gene/Summary.csv",
                "star/SK609.none/SK609.none.Solo.out/Gene/UMIperCellSorted.txt",
                "star/SK609.none/SK609.none.Solo.out/Gene/filtered",
                "star/SK609.none/SK609.none.Solo.out/Gene/filtered/barcodes.tsv.gz",
                "star/SK609.none/SK609.none.Solo.out/Gene/filtered/features.tsv.gz",
                "star/SK609.none/SK609.none.Solo.out/Gene/filtered/matrix.mtx.gz",
                "star/SK609.none/SK609.none.Solo.out/Gene/raw",
                "star/SK609.none/SK609.none.Solo.out/Gene/raw/barcodes.tsv.gz",
                "star/SK609.none/SK609.none.Solo.out/Gene/raw/features.tsv.gz",
                "star/SK609.none/SK609.none.Solo.out/Gene/raw/matrix.mtx.gz",
                "star/SK609.none/SK609.none.Solo.out/GeneFull",
                "star/SK609.none/SK609.none.Solo.out/GeneFull/Features.stats",
                "star/SK609.none/SK609.none.Solo.out/GeneFull/Summary.csv",
                "star/SK609.none/SK609.none.Solo.out/GeneFull/UMIperCellSorted.txt",
                "star/SK609.none/SK609.none.Solo.out/GeneFull/filtered",
                "star/SK609.none/SK609.none.Solo.out/GeneFull/filtered/barcodes.tsv.gz",
                "star/SK609.none/SK609.none.Solo.out/GeneFull/filtered/features.tsv.gz",
                "star/SK609.none/SK609.none.Solo.out/GeneFull/filtered/matrix.mtx.gz",
                "star/SK609.none/SK609.none.Solo.out/GeneFull/raw",
                "star/SK609.none/SK609.none.Solo.out/GeneFull/raw/barcodes.tsv.gz",
                "star/SK609.none/SK609.none.Solo.out/GeneFull/raw/features.tsv.gz",
                "star/SK609.none/SK609.none.Solo.out/GeneFull/raw/matrix.mtx.gz",
                "umitools",
                "umitools/SK609.TATAGCCT",
                "umitools/SK609.TATAGCCT/SK609.TATAGCCT.bam",
                "umitools/SK609.TATAGCCT/SK609.TATAGCCT.bam.bai",
                "umitools/SK609.TATAGCCT/SK609.TATAGCCT.log"
            ],
            [
                "SK609.tgidx_anchor_run_mqc.json:md5,473c7b1f9f7fe00aaff68a13ed50f281",
                "SK609.tgidx_breakdown_mqc.json:md5,db0a8cacb80680f0b1e2238f4f442fec",
                "SK609.tgidx_edit_distance_mqc.json:md5,d136d111aa497bb55373efbe741193b3",
                "SK609.tgidx_general_stats_mqc.json:md5,e9179ed37727a35f52b5a5542a9a34fc",
                "SK609.tgidx_target_distribution_mqc.json:md5,ad5378003fe0b6c8b9fd71a16e7b04e1",
                "SK609.bc_counts.csv:md5,bb33d2c4509a58db16b124ff6ea40919",
                "SK609.bc_rank.png:md5,eac7b5bb6c40cb14452904f78556be15",
                "SK609.extraction_barcode_rank_mqc.json:md5,939152d35a1451311a328d741ef3dbe3",
                "SK609.extraction_breakdown_mqc.json:md5,5cb0911fac869eede453f59e695cb8ee",
                "SK609.extraction_edit_distance_mqc.json:md5,abbf8d5abb601cdfed9f58f7b4a08e3a",
                "SK609.extraction_general_stats_mqc.json:md5,d234f99fa2671be5d61a881f8f3ca648",
                "SK609.umi_anchor_run_mqc.json:md5,1596c61c91dca16f5ba6af65acc4b030",
                "SK609.umi_breakdown_mqc.json:md5,a5255117acf2896e2de2744738c40189",
                "SK609.umi_general_stats_mqc.json:md5,2dbb70470f5083f95d23f1158162f494",
                "SK609.detected_targets.txt:md5,f3dcfe4f6b657ee3473d3b00b16e4f90",
                "SK609.prepare_general_stats_mqc.json:md5,02383c0afa7176ee798185656b84d5dd",
                "SK609.prepare_target_distribution_mqc.json:md5,cf366372d6d880c6e514eb1459442cb7",
                "carmack_custom_seq_1_0.adapters.fasta:md5,462b074fb155fa2c3e0ae9eab9de2473",
                "SK609.TATAGCCT.linear_dedup_breakdown_mqc.json:md5,2e7bfa2207e59ea83330af1adc78328a",
                "SK609.TATAGCCT.linear_dedup_chromosome_breakdown_mqc.json:md5,144b75557eb6815219ed57309023b51b",
                "SK609.TATAGCCT.linear_dedup_general_stats_mqc.json:md5,fffca620f49b55f8a9f25bab0c74b496",
                "bowtie2_pe_plot.txt:md5,49da565da54f08d090ff6cb7e16c4116",
                "fastp-insert-size-plot.txt:md5,e19359d314c7bfdcac33ec516469d801",
                "fastp-seq-content-gc-plot_Read_1_After_filtering.txt:md5,9e4a351700ba911ad9d436410fd0d49b",
                "fastp-seq-content-gc-plot_Read_1_Before_filtering.txt:md5,7574588b6e955910c5044572ac703624",
                "fastp-seq-content-gc-plot_Read_2_After_filtering.txt:md5,1ce0a3a60653316af3f9ec5e09ff5e34",
                "fastp-seq-content-gc-plot_Read_2_Before_filtering.txt:md5,512e712ef147e519efe0b220eb6a2963",
                "fastp-seq-content-n-plot_Read_1_After_filtering.txt:md5,2f17c70c9f035622518e1bfd3c7d7ca8",
                "fastp-seq-content-n-plot_Read_1_Before_filtering.txt:md5,2f17c70c9f035622518e1bfd3c7d7ca8",
                "fastp-seq-content-n-plot_Read_2_After_filtering.txt:md5,c0abf759641bc6a1b92d0755f853a021",
                "fastp-seq-content-n-plot_Read_2_Before_filtering.txt:md5,c0abf759641bc6a1b92d0755f853a021",
                "fastp-seq-quality-plot_Read_1_After_filtering.txt:md5,d57114394af177fc66a9ff4db49e6d11",
                "fastp-seq-quality-plot_Read_1_Before_filtering.txt:md5,b6e589b18d2c0b70271f2e64d9f3bb4e",
                "fastp-seq-quality-plot_Read_2_After_filtering.txt:md5,b172bd8be4c4bd4181ace5623ba7a2a5",
                "fastp-seq-quality-plot_Read_2_Before_filtering.txt:md5,20f7be224027bce194d7bd9190f318ab",
                "fastp_filtered_reads_plot.txt:md5,049089cf3e667ebfb1448695d032100f",
                "fastqc-status-check-heatmap.txt:md5,789c84ea5c35b1a9440b643b0cc13189",
                "fastqc_adapter_content_plot.txt:md5,0310cfb36fe412dfdec92d1f63653cf0",
                "fastqc_overrepresented_sequences_plot.txt:md5,c2a26d6fdc31db9f00118bd0197d0df8",
                "fastqc_per_base_n_content_plot.txt:md5,bafe505ee656aee8db42cde75f419f3e",
                "fastqc_per_base_sequence_quality_plot.txt:md5,ce141da45b8693a525d32f6951c582ce",
                "fastqc_per_sequence_gc_content_plot_Counts.txt:md5,78f36cfa97e6542f5cd8fe7939601141",
                "fastqc_per_sequence_gc_content_plot_Percentages.txt:md5,84b40cb00375ae2a993384fbc675aee4",
                "fastqc_per_sequence_quality_scores_plot.txt:md5,05dd5c83ee3e35a72c9d93dd26608af5",
                "fastqc_sequence_counts_plot.txt:md5,9654c1d004ddffbeaf55638920679d70",
                "fastqc_sequence_duplication_levels_plot.txt:md5,28984d860c70c7b748a3b83fcf8bb5c8",
                "fastqc_sequence_length_distribution_plot.txt:md5,31182decbe10ab9a5caafb15e6cf34e9",
                "multiqc_arm_gate_table.txt:md5,39427a131ca38d9f55c88575d94dc337",
                "multiqc_bowtie2.txt:md5,3a62d4fdf9b76d14704d1d7ed06a760c",
                "multiqc_carmack_extraction_barcode_rank_plot.txt:md5,1e71577d53ccebfba6fbed08064a637d",
                "multiqc_carmack_extraction_breakdown_plot.txt:md5,696f98000d37104be7299ffa004b1e2a",
                "multiqc_carmack_extraction_edit_distance_plot.txt:md5,602677bb0a5d43f7fb573cb685bd3b5d",
                "multiqc_carmack_linear_dedup_breakdown_plot.txt:md5,4120bb7b164a1a3a9c93fba5d01a9e4a",
                "multiqc_carmack_linear_dedup_chromosome_breakdown_plot.txt:md5,915f097f2fc71975437fc246611d4924",
                "multiqc_carmack_prepare_target_distribution_plot.txt:md5,a6bd373c2bc6c4246a62eebd2b4a6964",
                "multiqc_carmack_tgidx_anchor_run_plot.txt:md5,af0b688e4c814a9f8b6b7904ca4d1c98",
                "multiqc_carmack_tgidx_breakdown_plot.txt:md5,1a92b99bf3445f63c183067502c38584",
                "multiqc_carmack_tgidx_edit_distance_plot.txt:md5,98724cab44a6398d7d5431f5e9939707",
                "multiqc_carmack_tgidx_target_distribution_plot.txt:md5,726f25b4dae47d664c47a7a399c1e93d",
                "multiqc_carmack_umi_anchor_run_plot.txt:md5,6389416bfd032e93929bea0ee66eda9e",
                "multiqc_carmack_umi_breakdown_plot.txt:md5,e3daf835bacc6cb2f692feed5a04e36e",
                "multiqc_citations.txt:md5,2dbf68f27d2865e859f51f1132050790",
                "multiqc_fastp.txt:md5,3c20704ac1f07c8a42af9f157ac5b4b0",
                "multiqc_fastqc.txt:md5,296010f5e27945d946c17ceb09aebcef",
                "multiqc_general_stats.txt:md5,b4a90519588006e3e11fba4e7ab175af",
                "multiqc_samtools_stats.txt:md5,c1e4c05d89d42472a33d5d6b880276cb",
                "multiqc_star.txt:md5,631e1a3aa045b5eec11952faa43b0483",
                "multiqc_umitools_dedup.txt:md5,6ffd72481f702508120526276f8c2346",
                "multiqc_umitools_extract.txt:md5,d41d8cd98f00b204e9800998ecf8427e",
                "samtools-stats-dp.txt:md5,eb7d2548f00458bd7b6259968d95de8d",
                "samtools_alignment_plot.txt:md5,c4f0c22ebb5b33d809bffdf314678430",
                "samtools_insert_size.txt:md5,00c1c8a3f3925f7375f1c9069e1918e4",
                "star_alignment_plot.txt:md5,afde49303cdb9ac9de870e818ed51fea",
                "star_summary_table.txt:md5,4f7c6576c66b9886140cc5d91a934c5e",
                "umitools_deduplication_barplot.txt:md5,db708283ac915d373b019110d8951bb2",
                "umitools_stats_violin.txt:md5,08ef049301d6d4ac17b1cd485e921eb2",
                "arm_gate.tsv:md5,87f2e53f468c395e610a18cf6d8de1aa",
                "Barcodes.stats:md5,4c9c5e67e4f55e6eebd040eba4c9224b",
                "Features.stats:md5,97d77aacd2ed42af32144eac5fce0de0",
                "Summary.csv:md5,f068eb99277357fc6e6503ef15a075d3",
                "UMIperCellSorted.txt:md5,280262bb00bfccfa4c24774d8faccde2",
                "barcodes.tsv.gz:md5,29bdf37bd2176d50ed5b4361ae787f4d",
                "features.tsv.gz:md5,a7c451918a577bf504f6b303f2f8180a",
                "matrix.mtx.gz:md5,7dc3492456d2c4f330dd0b6858eca911",
                "barcodes.tsv.gz:md5,29bdf37bd2176d50ed5b4361ae787f4d",
                "features.tsv.gz:md5,a7c451918a577bf504f6b303f2f8180a",
                "matrix.mtx.gz:md5,7dc3492456d2c4f330dd0b6858eca911",
                "Features.stats:md5,b0f9907a105bce25a6fecd9b3286d111",
                "Summary.csv:md5,2be5f1ad65c5c3c5833f30b0f9236823",
                "UMIperCellSorted.txt:md5,69360f07fc69ce045fc3ce35c2f9a946",
                "barcodes.tsv.gz:md5,8cf91f8e8cf72a16687d7892568fd192",
                "features.tsv.gz:md5,a7c451918a577bf504f6b303f2f8180a",
                "matrix.mtx.gz:md5,be9d1e95efdbe4db369252112580ad4e",
                "barcodes.tsv.gz:md5,8cf91f8e8cf72a16687d7892568fd192",
                "features.tsv.gz:md5,a7c451918a577bf504f6b303f2f8180a",
                "matrix.mtx.gz:md5,be9d1e95efdbe4db369252112580ad4e"
            ]
        ],
        "timestamp": "2026-09-22T20:47:58.410387778",
        "meta": {
            "nf-test": "0.9.5",
            "nextflow": "26.04.6"
        }
    }
}