{
    "SK609 - r1_annotated fastq.gz": {
        "content": [
            "# Carmack version: 0.0.0+6d7d1ec\n# UMI Extraction Stats\n# The UMI is the fixed 8 bases following the left anchor, so its\n# length is not a measurement and no length distribution is reported.\nTotal reads: 19561\nAccepted: 19561 (100.00%)\nRejected (missing_left_anchor): 0 (0.00%)\nRejected (truncated): 0 (0.00%)\n\n# Anchor G-run Length Distribution\n# Measured from the first base after the UMI, over accepted reads. A zero is a\n# read whose anchor run does not begin where the chemistry says it does.\n\t0\t145 (0.74%)\n\t1\t77 (0.39%)\n\t2\t135 (0.69%)\n\t3\t4371 (22.35%)\n\t4\t1122 (5.74%)\n\t5\t701 (3.58%)\n\t6\t11659 (59.60%)\n\t7\t1253 (6.41%)\n\t8\t82 (0.42%)\n\t9\t11 (0.06%)\n\t10\t5 (0.03%)",
            [
                [
                    {
                        "id": "SK609"
                    },
                    [
                        "SK609.umi_anchor_run_mqc.json:md5,1596c61c91dca16f5ba6af65acc4b030",
                        "SK609.umi_breakdown_mqc.json:md5,a5255117acf2896e2de2744738c40189",
                        "SK609.umi_general_stats_mqc.json:md5,2dbb70470f5083f95d23f1158162f494"
                    ]
                ]
            ],
            [
                [
                    "CARMACK_EXTRACTUMIS",
                    "carmack",
                    "0.0.0+6d7d1ec"
                ]
            ]
        ],
        "timestamp": "2026-09-22T19:26:36.664829274",
        "meta": {
            "nf-test": "0.9.5",
            "nextflow": "26.04.6"
        }
    }
}