{
    "SK609 - r1_tgidx fastq.gz + raw R2": {
        "content": [
            "# Carmack version: 0.0.0+6d7d1ec\n# Prepare Reads Stats\n# unmatched_written + sum(target_written.values()) + insert_not_sequenced == total_reads\nTotal reads: 19561\nUnmatched (scRNA arm): 6229 (31.84%)\nMatched (scTIP arms): 13332 (68.16%)\nRejected (insert_not_sequenced): 0 (0.00%)\n\n# Target Distribution\n\tTATAGCCT\t13332 (68.16%)",
            [
                [
                    {
                        "id": "SK609"
                    },
                    "SK609.detected_targets.txt:md5,f3dcfe4f6b657ee3473d3b00b16e4f90"
                ]
            ],
            [
                [
                    {
                        "id": "SK609"
                    },
                    [
                        "SK609.prepare_general_stats_mqc.json:md5,02383c0afa7176ee798185656b84d5dd",
                        "SK609.prepare_target_distribution_mqc.json:md5,cf366372d6d880c6e514eb1459442cb7"
                    ]
                ]
            ],
            [
                [
                    "CARMACK_PREPAREREADS",
                    "carmack",
                    "0.0.0+6d7d1ec"
                ]
            ]
        ],
        "timestamp": "2026-09-22T19:30:25.773942185",
        "meta": {
            "nf-test": "0.9.5",
            "nextflow": "26.04.6"
        }
    }
}