{
    "aligned BAM - one pair survives each duplicate group": {
        "content": [
            "# Carmack version: 0.0.0+6d7d1ec\n# Linear Dedup Stats\nTotal pairs: 16\nEligible: 12 (75.00%)\nSkipped (unmapped): 2 (12.50%)\nSkipped (non_primary): 2 (12.50%)\nSkipped (unpaired): 0 (0.00%)\nPairs kept: 9 (75.00%)\nPairs removed (duplicates): 3 (25.00%)\nMissing AS: 2 (16.67%)",
            [
                [
                    {
                        "id": "SK609.TATAGCCT"
                    },
                    [
                        "SK609.TATAGCCT.linear_dedup_breakdown_mqc.json:md5,6d8b1e6ae5553ca0da3abe8ebc679a12",
                        "SK609.TATAGCCT.linear_dedup_chromosome_breakdown_mqc.json:md5,88bbf981254f58d95f3b57b3b80c40e2",
                        "SK609.TATAGCCT.linear_dedup_general_stats_mqc.json:md5,817ae0478d19c1c0f4e0b65f85b56b1e"
                    ]
                ]
            ],
            [
                [
                    "CARMACK_LINEARDEDUP",
                    "carmack",
                    "0.0.0+6d7d1ec"
                ]
            ]
        ],
        "timestamp": "2026-09-22T18:08:10.795228413",
        "meta": {
            "nf-test": "0.9.5",
            "nextflow": "26.04.6"
        }
    }
}