{
    "SK609 - r1_umi fastq.gz": {
        "content": [
            "# Carmack version: 0.0.0+6d7d1ec\n# Target Index Assignment Stats\n# Input is {prefix}.r1_umi.fastq.gz, which extract-umis has already subset:\n# a read whose anchor was never recorded, or which ends inside its UMI, does\n# not arrive here, so the matched fraction below is not the scTIP fraction of\n# the library. See the matching .umi_stats.txt for the run's total read count.\nTotal reads: 19561\nMatched: 13332 (68.16%)\nUnmatched (no_match): 6229 (31.84%)\nUnmatched (no_left_anchor_pos): 0 (0.00%)\nUnmatched (short_window): 0 (0.00%)\n\n# Target Distribution\n\tTATAGCCT\t13332 (100.00%)\n\n# Edit Distance Distribution\n\t0\t13012 (97.60%)\n\t1\t320 (2.40%)\n\n# Anchor G-run Length Distribution\n\t0\t98 (0.50%)\n\t1\t57 (0.29%)\n\t2\t125 (0.64%)\n\t3\t4241 (21.68%)\n\t4\t1095 (5.60%)\n\t5\t708 (3.62%)\n\t6\t11690 (59.76%)\n\t7\t1374 (7.02%)\n\t8\t121 (0.62%)\n\t9\t31 (0.16%)\n\t10\t15 (0.08%)\n\t11\t1 (0.01%)\n\t12\t5 (0.03%)",
            [
                [
                    {
                        "id": "SK609"
                    },
                    [
                        "SK609.tgidx_anchor_run_mqc.json:md5,473c7b1f9f7fe00aaff68a13ed50f281",
                        "SK609.tgidx_breakdown_mqc.json:md5,db0a8cacb80680f0b1e2238f4f442fec",
                        "SK609.tgidx_edit_distance_mqc.json:md5,d136d111aa497bb55373efbe741193b3",
                        "SK609.tgidx_general_stats_mqc.json:md5,e9179ed37727a35f52b5a5542a9a34fc",
                        "SK609.tgidx_target_distribution_mqc.json:md5,ad5378003fe0b6c8b9fd71a16e7b04e1"
                    ]
                ]
            ],
            [
                [
                    "CARMACK_ASSIGNTARGETS",
                    "carmack",
                    "0.0.0+6d7d1ec"
                ]
            ]
        ],
        "timestamp": "2026-09-22T19:21:55.920655655",
        "meta": {
            "nf-test": "0.9.5",
            "nextflow": "26.04.6"
        }
    }
}